Archive member included to satisfy reference by file (symbol)

c:/mingw/toolchain-gd32v-win/compiler/bin/../lib/gcc/riscv64-unknown-elf/8.3.0/rv32imac/ilp32\libgcc.a(divdf3.o)
                              build/lcd.o (__divdf3)
c:/mingw/toolchain-gd32v-win/compiler/bin/../lib/gcc/riscv64-unknown-elf/8.3.0/rv32imac/ilp32\libgcc.a(ledf2.o)
                              build/lcd.o (__ltdf2)
c:/mingw/toolchain-gd32v-win/compiler/bin/../lib/gcc/riscv64-unknown-elf/8.3.0/rv32imac/ilp32\libgcc.a(muldf3.o)
                              build/lcd.o (__muldf3)
c:/mingw/toolchain-gd32v-win/compiler/bin/../lib/gcc/riscv64-unknown-elf/8.3.0/rv32imac/ilp32\libgcc.a(floatunsidf.o)
                              build/lcd.o (__floatunsidf)
c:/mingw/toolchain-gd32v-win/compiler/bin/../lib/gcc/riscv64-unknown-elf/8.3.0/rv32imac/ilp32\libgcc.a(floatundidf.o)
                              build/lcd.o (__floatundidf)
c:/mingw/toolchain-gd32v-win/compiler/bin/../lib/gcc/riscv64-unknown-elf/8.3.0/rv32imac/ilp32\libgcc.a(mulsf3.o)
                              build/lcd.o (__mulsf3)
c:/mingw/toolchain-gd32v-win/compiler/bin/../lib/gcc/riscv64-unknown-elf/8.3.0/rv32imac/ilp32\libgcc.a(fixunssfsi.o)
                              build/lcd.o (__fixunssfsi)
c:/mingw/toolchain-gd32v-win/compiler/bin/../lib/gcc/riscv64-unknown-elf/8.3.0/rv32imac/ilp32\libgcc.a(_lshrdi3.o)
                              c:/mingw/toolchain-gd32v-win/compiler/bin/../lib/gcc/riscv64-unknown-elf/8.3.0/rv32imac/ilp32\libgcc.a(floatundidf.o) (__lshrdi3)
c:/mingw/toolchain-gd32v-win/compiler/bin/../lib/gcc/riscv64-unknown-elf/8.3.0/rv32imac/ilp32\libgcc.a(_ashldi3.o)
                              c:/mingw/toolchain-gd32v-win/compiler/bin/../lib/gcc/riscv64-unknown-elf/8.3.0/rv32imac/ilp32\libgcc.a(floatundidf.o) (__ashldi3)
c:/mingw/toolchain-gd32v-win/compiler/bin/../lib/gcc/riscv64-unknown-elf/8.3.0/rv32imac/ilp32\libgcc.a(_clzsi2.o)
                              c:/mingw/toolchain-gd32v-win/compiler/bin/../lib/gcc/riscv64-unknown-elf/8.3.0/rv32imac/ilp32\libgcc.a(divdf3.o) (__clzsi2)
c:/mingw/toolchain-gd32v-win/compiler/bin/../lib/gcc/riscv64-unknown-elf/8.3.0/rv32imac/ilp32\libgcc.a(_clz.o)
                              c:/mingw/toolchain-gd32v-win/compiler/bin/../lib/gcc/riscv64-unknown-elf/8.3.0/rv32imac/ilp32\libgcc.a(_clzsi2.o) (__clz_tab)
c:/mingw/toolchain-gd32v-win/compiler/bin/../lib/gcc/riscv64-unknown-elf/8.3.0/../../../../riscv64-unknown-elf/lib/rv32imac/ilp32\libc.a(lib_a-atexit.o)
                              build/start.o (atexit)
c:/mingw/toolchain-gd32v-win/compiler/bin/../lib/gcc/riscv64-unknown-elf/8.3.0/../../../../riscv64-unknown-elf/lib/rv32imac/ilp32\libc.a(lib_a-exit.o)
                              build/start.o (exit)
c:/mingw/toolchain-gd32v-win/compiler/bin/../lib/gcc/riscv64-unknown-elf/8.3.0/../../../../riscv64-unknown-elf/lib/rv32imac/ilp32\libc.a(lib_a-fini.o)
                              build/start.o (__libc_fini_array)
c:/mingw/toolchain-gd32v-win/compiler/bin/../lib/gcc/riscv64-unknown-elf/8.3.0/../../../../riscv64-unknown-elf/lib/rv32imac/ilp32\libc.a(lib_a-impure.o)
                              c:/mingw/toolchain-gd32v-win/compiler/bin/../lib/gcc/riscv64-unknown-elf/8.3.0/../../../../riscv64-unknown-elf/lib/rv32imac/ilp32\libc.a(lib_a-exit.o) (_global_impure_ptr)
c:/mingw/toolchain-gd32v-win/compiler/bin/../lib/gcc/riscv64-unknown-elf/8.3.0/../../../../riscv64-unknown-elf/lib/rv32imac/ilp32\libc.a(lib_a-init.o)
                              build/start.o (__libc_init_array)
c:/mingw/toolchain-gd32v-win/compiler/bin/../lib/gcc/riscv64-unknown-elf/8.3.0/../../../../riscv64-unknown-elf/lib/rv32imac/ilp32\libc.a(lib_a-strlen.o)
                              build/write.o (strlen)
c:/mingw/toolchain-gd32v-win/compiler/bin/../lib/gcc/riscv64-unknown-elf/8.3.0/../../../../riscv64-unknown-elf/lib/rv32imac/ilp32\libc.a(lib_a-sysisatty.o)
                              build/lseek.o (isatty)
c:/mingw/toolchain-gd32v-win/compiler/bin/../lib/gcc/riscv64-unknown-elf/8.3.0/../../../../riscv64-unknown-elf/lib/rv32imac/ilp32\libc.a(lib_a-syswrite.o)
                              build/write_hex.o (write)
c:/mingw/toolchain-gd32v-win/compiler/bin/../lib/gcc/riscv64-unknown-elf/8.3.0/../../../../riscv64-unknown-elf/lib/rv32imac/ilp32\libc.a(lib_a-writer.o)
                              c:/mingw/toolchain-gd32v-win/compiler/bin/../lib/gcc/riscv64-unknown-elf/8.3.0/../../../../riscv64-unknown-elf/lib/rv32imac/ilp32\libc.a(lib_a-syswrite.o) (_write_r)
c:/mingw/toolchain-gd32v-win/compiler/bin/../lib/gcc/riscv64-unknown-elf/8.3.0/../../../../riscv64-unknown-elf/lib/rv32imac/ilp32\libc.a(lib_a-__atexit.o)
                              c:/mingw/toolchain-gd32v-win/compiler/bin/../lib/gcc/riscv64-unknown-elf/8.3.0/../../../../riscv64-unknown-elf/lib/rv32imac/ilp32\libc.a(lib_a-atexit.o) (__register_exitproc)
[...]
Memory Configuration

Name             Origin             Length             Attributes
flash            0x0000000008000000 0x0000000000020000 axrl !w
ram              0x0000000020000000 0x0000000000008000 axw !rl
*default*        0x0000000000000000 0xffffffffffffffff

Linker script and memory map

LOAD build/gd32vf103_exti.o
LOAD build/gd32vf103_bkp.o
LOAD build/gd32vf103_spi.o
LOAD build/gd32vf103_rcu.o
LOAD build/gd32vf103_wwdgt.o
LOAD build/gd32vf103_adc.o
LOAD build/gd32vf103_pmu.o
LOAD build/gd32vf103_dbg.o
LOAD build/gd32vf103_usart.o
LOAD build/gd32vf103_crc.o
LOAD build/gd32vf103_gpio.o
LOAD build/gd32vf103_fwdgt.o
LOAD build/gd32vf103_timer.o
LOAD build/gd32vf103_fmc.o
LOAD build/gd32vf103_i2c.o
LOAD build/gd32vf103_rtc.o
LOAD build/gd32vf103_can.o
LOAD build/gd32vf103_dac.o
LOAD build/gd32vf103_exmc.o
LOAD build/gd32vf103_dma.o
LOAD build/gd32vf103_eclic.o
LOAD build/system_gd32vf103.o
LOAD build/write_hex.o
LOAD build/sbrk.o
LOAD build/close.o
LOAD build/lseek.o
LOAD build/write.o
LOAD build/_exit.o
LOAD build/isatty.o
LOAD build/fstat.o
LOAD build/read.o
LOAD build/n200_func.o
LOAD build/handlers.o
LOAD build/init.o
LOAD build/adc.o
LOAD build/usart.o
LOAD build/timer6.o
LOAD build/main.o
LOAD build/eclicw.o
LOAD build/lcd.o
LOAD build/ds18b20.o
LOAD build/start.o
LOAD build/entry.o
LOAD build/drivers.o
LOAD c:/mingw/toolchain-gd32v-win/compiler/bin/../lib/gcc/riscv64-unknown-elf/8.3.0/rv32imac/ilp32\libgcc.a
START GROUP
LOAD c:/mingw/toolchain-gd32v-win/compiler/bin/../lib/gcc/riscv64-unknown-elf/8.3.0/../../../../riscv64-unknown-elf/lib/rv32imac/ilp32\libc.a
LOAD c:/mingw/toolchain-gd32v-win/compiler/bin/../lib/gcc/riscv64-unknown-elf/8.3.0/../../../../riscv64-unknown-elf/lib/rv32imac/ilp32\libgloss.a
END GROUP
LOAD c:/mingw/toolchain-gd32v-win/compiler/bin/../lib/gcc/riscv64-unknown-elf/8.3.0/rv32imac/ilp32\libgcc.a
                0x0000000000000800                __stack_size = DEFINED (__stack_size)?__stack_size:0x800

.init           0x0000000008000000      0x254
 *(SORT_NONE(.init))
 .init          0x0000000008000000      0x254 build/start.o
                0x000000000800015c                _start
                0x0000000008000246                disable_mcycle_minstret
                0x000000000800024c                enable_mcycle_minstret

.ilalign        0x0000000008000254        0x0
                0x0000000008000254                . = ALIGN (0x4)
                [!provide]                        PROVIDE (_ilm_lma = .)

.ialign         0x0000000008000254        0x0
                [!provide]                        PROVIDE (_ilm = .)

.text           0x0000000008000280      0xea6
 *(.rodata .rodata.*)
 .rodata.write_hex.str1.4
                0x0000000008000280        0x3 build/write_hex.o
 *fill*         0x0000000008000283        0x1 
 .rodata._exit.str1.4
                0x0000000008000284       0x1f build/_exit.o
                                         0x23 (size before relaxing)
 *fill*         0x00000000080002a3        0x1 
 .rodata.handle_nmi.str1.4
                0x00000000080002a4        0x5 build/handlers.o
 *fill*         0x00000000080002a9        0x3 
 .rodata.handle_trap.str1.4
                0x00000000080002ac        0x8 build/handlers.o
                                          0x6 (size before relaxing)
 *(.text.unlikely .text.unlikely.*)
 *(.text.startup .text.startup.*)
 .text.startup.main
                0x00000000080002b4       0x4a build/main.o
                0x00000000080002b4                main
 .text.startup  0x00000000080002fe       0x1c c:/mingw/toolchain-gd32v-win/compiler/bin/../lib/gcc/riscv64-unknown-elf/8.3.0/../../../../riscv64-unknown-elf/lib/rv32imac/ilp32\libc.a(lib_a-__call_atexit.o)
 *(.text .text.*)
 .text.exti_init
                0x000000000800031a       0xb0 build/gd32vf103_exti.o
                0x000000000800031a                exti_init
 .text.exti_flag_clear
                0x00000000080003ca        0xa build/gd32vf103_exti.o
                0x00000000080003ca                exti_flag_clear
 .text.exti_interrupt_flag_clear
                0x00000000080003d4        0xa build/gd32vf103_exti.o
                0x00000000080003d4                exti_interrupt_flag_clear
 .text.rcu_periph_clock_enable
                0x00000000080003de       0x18 build/gd32vf103_rcu.o
                0x00000000080003de                rcu_periph_clock_enable
 .text.usart_data_transmit
                0x00000000080003f6        0x8 build/gd32vf103_usart.o
                0x00000000080003f6                usart_data_transmit
 .text.usart_flag_get
                0x00000000080003fe       0x14 build/gd32vf103_usart.o
                0x00000000080003fe                usart_flag_get
 .text.gpio_init
                0x0000000008000412       0xa8 build/gd32vf103_gpio.o
                0x0000000008000412                gpio_init
 .text.gpio_bit_write
                0x00000000080004ba        0xa build/gd32vf103_gpio.o
                0x00000000080004ba                gpio_bit_write
 .text.gpio_exti_source_select
                0x00000000080004c4       0x6a build/gd32vf103_gpio.o
                0x00000000080004c4                gpio_exti_source_select
 .text.timer_struct_para_init
                0x000000000800052e       0x18 build/gd32vf103_timer.o
                0x000000000800052e                timer_struct_para_init
 .text.timer_init
                0x0000000008000546       0xc0 build/gd32vf103_timer.o
                0x0000000008000546                timer_init
 .text.timer_enable
                0x0000000008000606        0xa build/gd32vf103_timer.o
                0x0000000008000606                timer_enable
 .text.timer_prescaler_config
                0x0000000008000610       0x14 build/gd32vf103_timer.o
                0x0000000008000610                timer_prescaler_config
 .text.timer_autoreload_value_config
                0x0000000008000624        0x4 build/gd32vf103_timer.o
                0x0000000008000624                timer_autoreload_value_config
 .text.timer_interrupt_enable
                0x0000000008000628        0x8 build/gd32vf103_timer.o
                0x0000000008000628                timer_interrupt_enable
 .text.timer_interrupt_flag_clear
                0x0000000008000630        0x8 build/gd32vf103_timer.o
                0x0000000008000630                timer_interrupt_flag_clear
 .text.eclic_global_interrupt_enable
                0x0000000008000638        0x6 build/gd32vf103_eclic.o
                0x0000000008000638                eclic_global_interrupt_enable
 .text.eclic_priority_group_set
                0x000000000800063e        0x8 build/gd32vf103_eclic.o
                0x000000000800063e                eclic_priority_group_set
 .text.eclic_irq_enable
                0x0000000008000646       0x3a build/gd32vf103_eclic.o
                0x0000000008000646                eclic_irq_enable
 .text.SystemInit
                0x0000000008000680      0x11e build/system_gd32vf103.o
                0x0000000008000680                SystemInit
 .text.write_hex
                0x000000000800079e       0x9a build/write_hex.o
                0x000000000800079e                write_hex
 .text._put_char
                0x0000000008000838       0x3c build/write.o
                0x0000000008000838                _put_char
 .text._write   0x0000000008000874       0x52 build/write.o
                0x0000000008000874                _write
 .text._exit    0x00000000080008c6       0x78 build/_exit.o
                0x00000000080008c6                _exit
 .text.eclic_init
                0x000000000800093e       0x24 build/n200_func.o
                0x000000000800093e                eclic_init
 .text.eclic_enable_interrupt
                0x0000000008000962       0x12 build/n200_func.o
                0x0000000008000962                eclic_enable_interrupt
 .text.eclic_set_nlbits
                0x0000000008000974       0x18 build/n200_func.o
                0x0000000008000974                eclic_set_nlbits
 .text.eclic_set_irq_lvl_abs
                0x000000000800098c       0x48 build/n200_func.o
                0x000000000800098c                eclic_set_irq_lvl_abs
 .text.eclic_set_irq_priority
                0x00000000080009d4       0x4a build/n200_func.o
                0x00000000080009d4                eclic_set_irq_priority
 .text.eclic_mode_enable
                0x0000000008000a1e       0x12 build/n200_func.o
                0x0000000008000a1e                eclic_mode_enable
 .text.handle_nmi
                0x0000000008000a30       0x22 build/handlers.o
                0x0000000008000a30                handle_nmi
 .text.handle_trap
                0x0000000008000a52       0x3a build/handlers.o
                0x0000000008000a52                handle_trap
 .text._init    0x0000000008000a8c       0x2c build/init.o
                0x0000000008000a8c                _init
 .text._fini    0x0000000008000ab8        0x2 build/init.o
                0x0000000008000ab8                _fini
 .text.init_sw  0x0000000008000aba       0x2c build/main.o
                0x0000000008000aba                init_sw
 .text.init_led
                0x0000000008000ae6       0x2a build/main.o
                0x0000000008000ae6                init_led
 .text.initTimer6
                0x0000000008000b10       0x8c build/main.o
                0x0000000008000b10                initTimer6
 .text.init_eclic
                0x0000000008000b9c       0x80 build/main.o
                0x0000000008000b9c                init_eclic
 .text.EXTI5_9_IRQHandler
                0x0000000008000c1c       0x7a build/main.o
                0x0000000008000c1c                EXTI5_9_IRQHandler
 .text.TIMER6_IRQHandler
                0x0000000008000c96       0x5c build/main.o
                0x0000000008000c96                TIMER6_IRQHandler
 .text.eclic_mtip_handler
                0x0000000008000cf2       0x52 build/eclicw.o
                0x0000000008000cf2                eclic_mtip_handler
 .text.USART0_IRQHandler
                0x0000000008000d44       0x52 build/eclicw.o
                0x0000000008000d44                USART0_IRQHandler
 *fill*         0x0000000008000d96       0x2a 
 .text.trap     0x0000000008000dc0       0x82 build/entry.o
                0x0000000008000dc0                trap_entry
 *fill*         0x0000000008000e42        0x2 
 .text.irq      0x0000000008000e44       0x72 build/entry.o
                0x0000000008000e44                irq_entry
 .text          0x0000000008000eb6       0x10 c:/mingw/toolchain-gd32v-win/compiler/bin/../lib/gcc/riscv64-unknown-elf/8.3.0/../../../../riscv64-unknown-elf/lib/rv32imac/ilp32\libc.a(lib_a-atexit.o)
                0x0000000008000eb6                atexit
 .text          0x0000000008000ec6       0x2c c:/mingw/toolchain-gd32v-win/compiler/bin/../lib/gcc/riscv64-unknown-elf/8.3.0/../../../../riscv64-unknown-elf/lib/rv32imac/ilp32\libc.a(lib_a-exit.o)
                0x0000000008000ec6                exit
 .text          0x0000000008000ef2       0x3a c:/mingw/toolchain-gd32v-win/compiler/bin/../lib/gcc/riscv64-unknown-elf/8.3.0/../../../../riscv64-unknown-elf/lib/rv32imac/ilp32\libc.a(lib_a-fini.o)
                0x0000000008000ef2                __libc_fini_array
 .text          0x0000000008000f2c       0x6a c:/mingw/toolchain-gd32v-win/compiler/bin/../lib/gcc/riscv64-unknown-elf/8.3.0/../../../../riscv64-unknown-elf/lib/rv32imac/ilp32\libc.a(lib_a-init.o)
                0x0000000008000f2c                __libc_init_array
 .text          0x0000000008000f96       0x18 c:/mingw/toolchain-gd32v-win/compiler/bin/../lib/gcc/riscv64-unknown-elf/8.3.0/../../../../riscv64-unknown-elf/lib/rv32imac/ilp32\libc.a(lib_a-syswrite.o)
                0x0000000008000f96                write
 .text          0x0000000008000fae       0x44 c:/mingw/toolchain-gd32v-win/compiler/bin/../lib/gcc/riscv64-unknown-elf/8.3.0/../../../../riscv64-unknown-elf/lib/rv32imac/ilp32\libc.a(lib_a-writer.o)
                0x0000000008000fae                _write_r
 .text          0x0000000008000ff2       0x72 c:/mingw/toolchain-gd32v-win/compiler/bin/../lib/gcc/riscv64-unknown-elf/8.3.0/../../../../riscv64-unknown-elf/lib/rv32imac/ilp32\libc.a(lib_a-__atexit.o)
                0x0000000008000ff2                __register_exitproc
 .text          0x0000000008001064       0xc2 c:/mingw/toolchain-gd32v-win/compiler/bin/../lib/gcc/riscv64-unknown-elf/8.3.0/../../../../riscv64-unknown-elf/lib/rv32imac/ilp32\libc.a(lib_a-__call_atexit.o)
                0x0000000008001064                __call_exitprocs
 *(.gnu.linkonce.t.*)

.rela.dyn       0x0000000008001128        0x0
 .rela.text._write
                0x0000000008001128        0x0 build/gd32vf103_exti.o
 .rela.text.handle_trap
                0x0000000008001128        0x0 build/gd32vf103_exti.o
 .rela.init     0x0000000008001128        0x0 build/gd32vf103_exti.o
 .rela.text.trap
                0x0000000008001128        0x0 build/gd32vf103_exti.o
 .rela.text     0x0000000008001128        0x0 build/gd32vf103_exti.o
 .rela.text.startup
                0x0000000008001128        0x0 build/gd32vf103_exti.o

.fini
 *(SORT_NONE(.fini))
                0x0000000008001128                . = ALIGN (0x4)
                [!provide]                        PROVIDE (__etext = .)
                [!provide]                        PROVIDE (_etext = .)
                [!provide]                        PROVIDE (etext = .)
                [!provide]                        PROVIDE (_eilm = .)

.preinit_array  0x0000000008001126        0x0
                0x0000000008001126                PROVIDE (__preinit_array_start = .)
 *(.preinit_array)
                0x0000000008001126                PROVIDE (__preinit_array_end = .)

.init_array     0x0000000008001128        0x4
                0x0000000008001128                PROVIDE (__init_array_start = .)
 *(SORT_BY_INIT_PRIORITY(.init_array.*) SORT_BY_INIT_PRIORITY(.ctors.*))
 .init_array.00000
                0x0000000008001128        0x4 c:/mingw/toolchain-gd32v-win/compiler/bin/../lib/gcc/riscv64-unknown-elf/8.3.0/../../../../riscv64-unknown-elf/lib/rv32imac/ilp32\libc.a(lib_a-__call_atexit.o)
 *(.init_array EXCLUDE_FILE(*crtend?.o *crtend.o *crtbegin?.o *crtbegin.o) .ctors)
                0x000000000800112c                PROVIDE (__init_array_end = .)

.fini_array     0x000000000800112c        0x0
                0x000000000800112c                PROVIDE (__fini_array_start = .)
 *(SORT_BY_INIT_PRIORITY(.fini_array.*) SORT_BY_INIT_PRIORITY(.dtors.*))
 *(.fini_array EXCLUDE_FILE(*crtend?.o *crtend.o *crtbegin?.o *crtbegin.o) .dtors)
                0x000000000800112c                PROVIDE (__fini_array_end = .)

.ctors
 *crtbegin.o(.ctors)
 *crtbegin?.o(.ctors)
 *(EXCLUDE_FILE(*crtend?.o *crtend.o) .ctors)
 *(SORT_BY_NAME(.ctors.*))
 *(.ctors)

.dtors
 *crtbegin.o(.dtors)
 *crtbegin?.o(.dtors)
 *(EXCLUDE_FILE(*crtend?.o *crtend.o) .dtors)
 *(SORT_BY_NAME(.dtors.*))
 *(.dtors)
                0x000000000800112c                . = ALIGN (0x4)
                [!provide]                        PROVIDE (_eilm = .)

.lalign         0x000000000800112c        0x0
                0x000000000800112c                . = ALIGN (0x4)
                0x000000000800112c                PROVIDE (_data_lma = .)

.dalign         0x0000000020000000        0x0 load address 0x000000000800112c
                0x0000000020000000                . = ALIGN (0x4)
                0x0000000020000000                PROVIDE (_data = .)

.data           0x0000000020000000      0x434 load address 0x000000000800112c
 *(.rdata)
 *(.gnu.linkonce.r.*)
 *(.data .data.*)
 .data          0x0000000020000000      0x428 c:/mingw/toolchain-gd32v-win/compiler/bin/../lib/gcc/riscv64-unknown-elf/8.3.0/../../../../riscv64-unknown-elf/lib/rv32imac/ilp32\libc.a(lib_a-impure.o)
 *(.gnu.linkonce.d.*)
                0x0000000020000428                . = ALIGN (0x8)
                0x0000000020000c28                PROVIDE (__global_pointer$ = (. + 0x800))
 *(.sdata .sdata.*)
 .sdata         0x0000000020000428        0x4 c:/mingw/toolchain-gd32v-win/compiler/bin/../lib/gcc/riscv64-unknown-elf/8.3.0/../../../../riscv64-unknown-elf/lib/rv32imac/ilp32\libc.a(lib_a-impure.o)
                0x0000000020000428                _impure_ptr
 *(.gnu.linkonce.s.*)
                0x0000000020000430                . = ALIGN (0x8)
 *fill*         0x000000002000042c        0x4 
 *(.srodata.cst16)
 *(.srodata.cst8)
 *(.srodata.cst4)
 *(.srodata.cst2)
 *(.srodata .srodata.*)
 .srodata       0x0000000020000430        0x4 c:/mingw/toolchain-gd32v-win/compiler/bin/../lib/gcc/riscv64-unknown-elf/8.3.0/../../../../riscv64-unknown-elf/lib/rv32imac/ilp32\libc.a(lib_a-impure.o)
                0x0000000020000430                _global_impure_ptr
                0x0000000020000434                . = ALIGN (0x4)
                0x0000000020000434                PROVIDE (_edata = .)
                [!provide]                        PROVIDE (edata = .)
                [!provide]                        PROVIDE (_fbss = .)
                0x0000000020000434                PROVIDE (__bss_start = .)

.bss            0x0000000020000434       0x10
 *(.sbss*)
 .sbss.state_LED
                0x0000000020000434        0x4 build/main.o
 .sbss.pmtisr   0x0000000020000438        0x4 build/eclicw.o
 .sbss.pu0tbeisr
                0x000000002000043c        0x4 build/eclicw.o
 *(.gnu.linkonce.sb.*)
 *(.bss .bss.*)
 *(.gnu.linkonce.b.*)
 *(COMMON)
 COMMON         0x0000000020000440        0x4 c:/mingw/toolchain-gd32v-win/compiler/bin/../lib/gcc/riscv64-unknown-elf/8.3.0/../../../../riscv64-unknown-elf/lib/rv32imac/ilp32\libc.a(lib_a-reent.o)
                0x0000000020000440                errno
                0x0000000020000444                . = ALIGN (0x4)
                0x0000000020000448                . = ALIGN (0x8)
                0x0000000020000448                PROVIDE (_end = .)
                [!provide]                        PROVIDE (end = .)

.stack          0x0000000020007800      0x800 load address 0x0000000020000444
                0x0000000020007800                PROVIDE (_heap_end = .)
                0x0000000000000800                . = __stack_size
 *fill*         0x0000000020007800      0x800 
                0x0000000020008000                PROVIDE (_sp = .)
OUTPUT(build/gd32vf103.elf elf32-littleriscv)

.debug_info     0x0000000000000000     0x964d
 .debug_info    0x0000000000000000      0x3e9 build/gd32vf103_exti.o
 .debug_info    0x00000000000003e9     0x10b4 build/gd32vf103_rcu.o
 .debug_info    0x000000000000149d      0xd4a build/gd32vf103_usart.o
 .debug_info    0x00000000000021e7      0x758 build/gd32vf103_gpio.o
 .debug_info    0x000000000000293f     0x1852 build/gd32vf103_timer.o
 .debug_info    0x0000000000004191      0x2a2 build/gd32vf103_eclic.o
 .debug_info    0x0000000000004433      0x1ff build/system_gd32vf103.o
 .debug_info    0x0000000000004632      0x1da build/write_hex.o
 .debug_info    0x000000000000480c      0xcc6 build/write.o
 .debug_info    0x00000000000054d2      0x1a4 build/_exit.o
 .debug_info    0x0000000000005676     0x197f build/n200_func.o
 .debug_info    0x0000000000006ff5      0xb53 build/handlers.o
 .debug_info    0x0000000000007b48      0xcb0 build/init.o
 .debug_info    0x00000000000087f8      0xa2f build/main.o
 .debug_info    0x0000000000009227      0x3de build/eclicw.o
 .debug_info    0x0000000000009605       0x26 build/start.o
 .debug_info    0x000000000000962b       0x22 build/entry.o

.debug_abbrev   0x0000000000000000     0x1dab
 .debug_abbrev  0x0000000000000000      0x15c build/gd32vf103_exti.o
 .debug_abbrev  0x000000000000015c      0x2c4 build/gd32vf103_rcu.o
 .debug_abbrev  0x0000000000000420      0x1f0 build/gd32vf103_usart.o
 .debug_abbrev  0x0000000000000610      0x21f build/gd32vf103_gpio.o
 .debug_abbrev  0x000000000000082f      0x308 build/gd32vf103_timer.o
 .debug_abbrev  0x0000000000000b37      0x112 build/gd32vf103_eclic.o
 .debug_abbrev  0x0000000000000c49       0xde build/system_gd32vf103.o
 .debug_abbrev  0x0000000000000d27      0x107 build/write_hex.o
 .debug_abbrev  0x0000000000000e2e      0x292 build/write.o
 .debug_abbrev  0x00000000000010c0       0xda build/_exit.o
 .debug_abbrev  0x000000000000119a      0x4c9 build/n200_func.o
 .debug_abbrev  0x0000000000001663      0x234 build/handlers.o
 .debug_abbrev  0x0000000000001897      0x22b build/init.o
 .debug_abbrev  0x0000000000001ac2      0x1b7 build/main.o
 .debug_abbrev  0x0000000000001c79      0x10c build/eclicw.o
 .debug_abbrev  0x0000000000001d85       0x14 build/start.o
 .debug_abbrev  0x0000000000001d99       0x12 build/entry.o

.debug_loc      0x0000000000000000     0x3e3a
 .debug_loc     0x0000000000000000      0x1e6 build/gd32vf103_exti.o
 .debug_loc     0x00000000000001e6      0xbe4 build/gd32vf103_rcu.o
 .debug_loc     0x0000000000000dca      0x824 build/gd32vf103_usart.o
 .debug_loc     0x00000000000015ee      0x519 build/gd32vf103_gpio.o
 .debug_loc     0x0000000000001b07     0x1094 build/gd32vf103_timer.o
 .debug_loc     0x0000000000002b9b       0xe7 build/gd32vf103_eclic.o
 .debug_loc     0x0000000000002c82      0x1e4 build/system_gd32vf103.o
 .debug_loc     0x0000000000002e66       0xd0 build/write_hex.o
 .debug_loc     0x0000000000002f36      0x1d0 build/write.o
 .debug_loc     0x0000000000003106       0x3e build/_exit.o
 .debug_loc     0x0000000000003144      0x914 build/n200_func.o
 .debug_loc     0x0000000000003a58       0x98 build/handlers.o
 .debug_loc     0x0000000000003af0       0x2c build/init.o
 .debug_loc     0x0000000000003b1c      0x184 build/main.o
 .debug_loc     0x0000000000003ca0      0x19a build/eclicw.o

.debug_aranges  0x0000000000000000      0x960
 .debug_aranges
                0x0000000000000000       0x70 build/gd32vf103_exti.o
 .debug_aranges
                0x0000000000000070      0x160 build/gd32vf103_rcu.o
 .debug_aranges
                0x00000000000001d0      0x170 build/gd32vf103_usart.o
 .debug_aranges
                0x0000000000000340       0xa0 build/gd32vf103_gpio.o
 .debug_aranges
                0x00000000000003e0      0x240 build/gd32vf103_timer.o
 .debug_aranges
                0x0000000000000620       0x50 build/gd32vf103_eclic.o
 .debug_aranges
                0x0000000000000670       0x28 build/system_gd32vf103.o
 .debug_aranges
                0x0000000000000698       0x20 build/write_hex.o
 .debug_aranges
                0x00000000000006b8       0x30 build/write.o
 .debug_aranges
                0x00000000000006e8       0x20 build/_exit.o
 .debug_aranges
                0x0000000000000708      0x140 build/n200_func.o
 .debug_aranges
                0x0000000000000848       0x28 build/handlers.o
 .debug_aranges
                0x0000000000000870       0x28 build/init.o
 .debug_aranges
                0x0000000000000898       0x50 build/main.o
 .debug_aranges
                0x00000000000008e8       0x30 build/eclicw.o
 .debug_aranges
                0x0000000000000918       0x20 build/start.o
 .debug_aranges
                0x0000000000000938       0x28 build/entry.o

.debug_ranges   0x0000000000000000      0xc10
 .debug_ranges  0x0000000000000000       0x60 build/gd32vf103_exti.o
 .debug_ranges  0x0000000000000060      0x270 build/gd32vf103_rcu.o
 .debug_ranges  0x00000000000002d0      0x160 build/gd32vf103_usart.o
 .debug_ranges  0x0000000000000430       0x90 build/gd32vf103_gpio.o
 .debug_ranges  0x00000000000004c0      0x280 build/gd32vf103_timer.o
 .debug_ranges  0x0000000000000740       0x40 build/gd32vf103_eclic.o
 .debug_ranges  0x0000000000000780       0x38 build/system_gd32vf103.o
 .debug_ranges  0x00000000000007b8       0x30 build/write_hex.o
 .debug_ranges  0x00000000000007e8       0x40 build/write.o
 .debug_ranges  0x0000000000000828       0x10 build/_exit.o
 .debug_ranges  0x0000000000000838      0x328 build/n200_func.o
 .debug_ranges  0x0000000000000b60       0x18 build/handlers.o
 .debug_ranges  0x0000000000000b78       0x18 build/init.o
 .debug_ranges  0x0000000000000b90       0x40 build/main.o
 .debug_ranges  0x0000000000000bd0       0x20 build/eclicw.o
 .debug_ranges  0x0000000000000bf0       0x20 build/entry.o

.debug_line     0x0000000000000000     0x9c25
 .debug_line    0x0000000000000000      0x5be build/gd32vf103_exti.o
 .debug_line    0x00000000000005be     0x16b1 build/gd32vf103_rcu.o
 .debug_line    0x0000000000001c6f      0xef5 build/gd32vf103_usart.o
 .debug_line    0x0000000000002b64      0xc40 build/gd32vf103_gpio.o
 .debug_line    0x00000000000037a4     0x2e20 build/gd32vf103_timer.o
 .debug_line    0x00000000000065c4      0x351 build/gd32vf103_eclic.o
 .debug_line    0x0000000000006915      0x75c build/system_gd32vf103.o
 .debug_line    0x0000000000007071      0x250 build/write_hex.o
 .debug_line    0x00000000000072c1      0x452 build/write.o
 .debug_line    0x0000000000007713      0x15a build/_exit.o
 .debug_line    0x000000000000786d     0x135c build/n200_func.o
 .debug_line    0x0000000000008bc9      0x23f build/handlers.o
 .debug_line    0x0000000000008e08      0x2ac build/init.o
 .debug_line    0x00000000000090b4      0x5f9 build/main.o
 .debug_line    0x00000000000096ad      0x2e0 build/eclicw.o
 .debug_line    0x000000000000998d      0x19e build/start.o
 .debug_line    0x0000000000009b2b       0xfa build/entry.o

.debug_str      0x0000000000000000     0x3394
 .debug_str     0x0000000000000000      0x3e5 build/gd32vf103_exti.o
                                        0x427 (size before relaxing)
 .debug_str     0x00000000000003e5      0xc7b build/gd32vf103_rcu.o
                                        0xe27 (size before relaxing)
 .debug_str     0x0000000000001060      0x5b5 build/gd32vf103_usart.o
                                        0x987 (size before relaxing)
 .debug_str     0x0000000000001615      0x22b build/gd32vf103_gpio.o
                                        0x5c0 (size before relaxing)
 .debug_str     0x0000000000001840      0xb29 build/gd32vf103_timer.o
                                        0xf04 (size before relaxing)
 .debug_str     0x0000000000002369      0x17c build/gd32vf103_eclic.o
                                        0x31c (size before relaxing)
 .debug_str     0x00000000000024e5       0xbb build/system_gd32vf103.o
                                        0x292 (size before relaxing)
 .debug_str     0x00000000000025a0       0x7c build/write_hex.o
                                        0x1fa (size before relaxing)
 .debug_str     0x000000000000261c      0x432 build/write.o
                                        0x6f4 (size before relaxing)
 .debug_str     0x0000000000002a4e       0x4d build/_exit.o
                                        0x1e9 (size before relaxing)
 .debug_str     0x0000000000002a9b      0x32c build/n200_func.o
                                        0x99e (size before relaxing)
 .debug_str     0x0000000000002dc7       0x6d build/handlers.o
                                        0x5f7 (size before relaxing)
 .debug_str     0x0000000000002e34      0x3fc build/init.o
                                        0x9c7 (size before relaxing)
 .debug_str     0x0000000000003230       0x7d build/main.o
                                        0x9ee (size before relaxing)
 .debug_str     0x00000000000032ad       0x5b build/eclicw.o
                                        0x614 (size before relaxing)
 .debug_str     0x0000000000003308       0x4c build/start.o
                                         0x9c (size before relaxing)
 .debug_str     0x0000000000003354       0x40 build/entry.o
                                         0x9c (size before relaxing)

.comment        0x0000000000000000       0x28
 .comment       0x0000000000000000       0x28 build/gd32vf103_exti.o
                                         0x29 (size before relaxing)
 .comment       0x0000000000000028       0x29 build/gd32vf103_rcu.o
 .comment       0x0000000000000028       0x29 build/gd32vf103_usart.o
 .comment       0x0000000000000028       0x29 build/gd32vf103_gpio.o
 .comment       0x0000000000000028       0x29 build/gd32vf103_timer.o
 .comment       0x0000000000000028       0x29 build/gd32vf103_eclic.o
 .comment       0x0000000000000028       0x29 build/system_gd32vf103.o
 .comment       0x0000000000000028       0x29 build/write_hex.o
 .comment       0x0000000000000028       0x29 build/write.o
 .comment       0x0000000000000028       0x29 build/_exit.o
 .comment       0x0000000000000028       0x29 build/n200_func.o
 .comment       0x0000000000000028       0x29 build/handlers.o
 .comment       0x0000000000000028       0x29 build/init.o
 .comment       0x0000000000000028       0x29 build/main.o
 .comment       0x0000000000000028       0x29 build/eclicw.o
 .comment       0x0000000000000028       0x29 c:/mingw/toolchain-gd32v-win/compiler/bin/../lib/gcc/riscv64-unknown-elf/8.3.0/../../../../riscv64-unknown-elf/lib/rv32imac/ilp32\libc.a(lib_a-atexit.o)
 .comment       0x0000000000000028       0x29 c:/mingw/toolchain-gd32v-win/compiler/bin/../lib/gcc/riscv64-unknown-elf/8.3.0/../../../../riscv64-unknown-elf/lib/rv32imac/ilp32\libc.a(lib_a-exit.o)
 .comment       0x0000000000000028       0x29 c:/mingw/toolchain-gd32v-win/compiler/bin/../lib/gcc/riscv64-unknown-elf/8.3.0/../../../../riscv64-unknown-elf/lib/rv32imac/ilp32\libc.a(lib_a-fini.o)
 .comment       0x0000000000000028       0x29 c:/mingw/toolchain-gd32v-win/compiler/bin/../lib/gcc/riscv64-unknown-elf/8.3.0/../../../../riscv64-unknown-elf/lib/rv32imac/ilp32\libc.a(lib_a-impure.o)
 .comment       0x0000000000000028       0x29 c:/mingw/toolchain-gd32v-win/compiler/bin/../lib/gcc/riscv64-unknown-elf/8.3.0/../../../../riscv64-unknown-elf/lib/rv32imac/ilp32\libc.a(lib_a-init.o)
 .comment       0x0000000000000028       0x29 c:/mingw/toolchain-gd32v-win/compiler/bin/../lib/gcc/riscv64-unknown-elf/8.3.0/../../../../riscv64-unknown-elf/lib/rv32imac/ilp32\libc.a(lib_a-syswrite.o)
 .comment       0x0000000000000028       0x29 c:/mingw/toolchain-gd32v-win/compiler/bin/../lib/gcc/riscv64-unknown-elf/8.3.0/../../../../riscv64-unknown-elf/lib/rv32imac/ilp32\libc.a(lib_a-writer.o)
 .comment       0x0000000000000028       0x29 c:/mingw/toolchain-gd32v-win/compiler/bin/../lib/gcc/riscv64-unknown-elf/8.3.0/../../../../riscv64-unknown-elf/lib/rv32imac/ilp32\libc.a(lib_a-__atexit.o)
 .comment       0x0000000000000028       0x29 c:/mingw/toolchain-gd32v-win/compiler/bin/../lib/gcc/riscv64-unknown-elf/8.3.0/../../../../riscv64-unknown-elf/lib/rv32imac/ilp32\libc.a(lib_a-__call_atexit.o)
 .comment       0x0000000000000028       0x29 c:/mingw/toolchain-gd32v-win/compiler/bin/../lib/gcc/riscv64-unknown-elf/8.3.0/../../../../riscv64-unknown-elf/lib/rv32imac/ilp32\libc.a(lib_a-reent.o)

.riscv.attributes
                0x0000000000000000       0x2b
 .riscv.attributes
                0x0000000000000000       0x2b build/gd32vf103_exti.o
 .riscv.attributes
                0x000000000000002b       0x2b build/gd32vf103_rcu.o
 .riscv.attributes
                0x0000000000000056       0x2b build/gd32vf103_usart.o
 .riscv.attributes
                0x0000000000000081       0x2b build/gd32vf103_gpio.o
 .riscv.attributes
                0x00000000000000ac       0x2b build/gd32vf103_timer.o
 .riscv.attributes
                0x00000000000000d7       0x2b build/gd32vf103_eclic.o
 .riscv.attributes
                0x0000000000000102       0x2b build/system_gd32vf103.o
 .riscv.attributes
                0x000000000000012d       0x2b build/write_hex.o
 .riscv.attributes
                0x0000000000000158       0x2b build/write.o
 .riscv.attributes
                0x0000000000000183       0x2b build/_exit.o
 .riscv.attributes
                0x00000000000001ae       0x2b build/n200_func.o
 .riscv.attributes
                0x00000000000001d9       0x2b build/handlers.o
 .riscv.attributes
                0x0000000000000204       0x2b build/init.o
 .riscv.attributes
                0x000000000000022f       0x2b build/main.o
 .riscv.attributes
                0x000000000000025a       0x2b build/eclicw.o
 .riscv.attributes
                0x0000000000000285       0x29 build/start.o
 .riscv.attributes
                0x00000000000002ae       0x29 build/entry.o
 .riscv.attributes
                0x00000000000002d7       0x2b c:/mingw/toolchain-gd32v-win/compiler/bin/../lib/gcc/riscv64-unknown-elf/8.3.0/../../../../riscv64-unknown-elf/lib/rv32imac/ilp32\libc.a(lib_a-atexit.o)
 .riscv.attributes
                0x0000000000000302       0x2b c:/mingw/toolchain-gd32v-win/compiler/bin/../lib/gcc/riscv64-unknown-elf/8.3.0/../../../../riscv64-unknown-elf/lib/rv32imac/ilp32\libc.a(lib_a-exit.o)
 .riscv.attributes
                0x000000000000032d       0x2b c:/mingw/toolchain-gd32v-win/compiler/bin/../lib/gcc/riscv64-unknown-elf/8.3.0/../../../../riscv64-unknown-elf/lib/rv32imac/ilp32\libc.a(lib_a-fini.o)
 .riscv.attributes
                0x0000000000000358       0x2b c:/mingw/toolchain-gd32v-win/compiler/bin/../lib/gcc/riscv64-unknown-elf/8.3.0/../../../../riscv64-unknown-elf/lib/rv32imac/ilp32\libc.a(lib_a-impure.o)
 .riscv.attributes
                0x0000000000000383       0x2b c:/mingw/toolchain-gd32v-win/compiler/bin/../lib/gcc/riscv64-unknown-elf/8.3.0/../../../../riscv64-unknown-elf/lib/rv32imac/ilp32\libc.a(lib_a-init.o)
 .riscv.attributes
                0x00000000000003ae       0x2b c:/mingw/toolchain-gd32v-win/compiler/bin/../lib/gcc/riscv64-unknown-elf/8.3.0/../../../../riscv64-unknown-elf/lib/rv32imac/ilp32\libc.a(lib_a-syswrite.o)
 .riscv.attributes
                0x00000000000003d9       0x2b c:/mingw/toolchain-gd32v-win/compiler/bin/../lib/gcc/riscv64-unknown-elf/8.3.0/../../../../riscv64-unknown-elf/lib/rv32imac/ilp32\libc.a(lib_a-writer.o)
 .riscv.attributes
                0x0000000000000404       0x2b c:/mingw/toolchain-gd32v-win/compiler/bin/../lib/gcc/riscv64-unknown-elf/8.3.0/../../../../riscv64-unknown-elf/lib/rv32imac/ilp32\libc.a(lib_a-__atexit.o)
 .riscv.attributes
                0x000000000000042f       0x2b c:/mingw/toolchain-gd32v-win/compiler/bin/../lib/gcc/riscv64-unknown-elf/8.3.0/../../../../riscv64-unknown-elf/lib/rv32imac/ilp32\libc.a(lib_a-__call_atexit.o)
 .riscv.attributes
                0x000000000000045a       0x2b c:/mingw/toolchain-gd32v-win/compiler/bin/../lib/gcc/riscv64-unknown-elf/8.3.0/../../../../riscv64-unknown-elf/lib/rv32imac/ilp32\libc.a(lib_a-reent.o)

.debug_frame    0x0000000000000000     0x13a8
 .debug_frame   0x0000000000000000       0xd0 build/gd32vf103_exti.o
 .debug_frame   0x00000000000000d0      0x2b4 build/gd32vf103_rcu.o
 .debug_frame   0x0000000000000384      0x314 build/gd32vf103_usart.o
 .debug_frame   0x0000000000000698      0x164 build/gd32vf103_gpio.o
 .debug_frame   0x00000000000007fc      0x4f0 build/gd32vf103_timer.o
 .debug_frame   0x0000000000000cec       0x9c build/gd32vf103_eclic.o
 .debug_frame   0x0000000000000d88       0x30 build/system_gd32vf103.o
 .debug_frame   0x0000000000000db8       0x4c build/write_hex.o
 .debug_frame   0x0000000000000e04       0x8c build/write.o
 .debug_frame   0x0000000000000e90       0x2c build/_exit.o
 .debug_frame   0x0000000000000ebc      0x26c build/n200_func.o
 .debug_frame   0x0000000000001128       0x44 build/handlers.o
 .debug_frame   0x000000000000116c       0x3c build/init.o
 .debug_frame   0x00000000000011a8       0xec build/main.o
 .debug_frame   0x0000000000001294      0x114 build/eclicw.o

Cross Reference Table

Symbol                                            File
ADC0_1_IRQHandler                                 build/start.o
ADC3powerUpInit                                   build/adc.o
BACK_COLOR                                        build/lcd.o
CAN0_EWMC_IRQHandler                              build/start.o
CAN0_RX0_IRQHandler                               build/start.o
CAN0_RX1_IRQHandler                               build/start.o
CAN0_TX_IRQHandler                                build/start.o
CAN1_EWMC_IRQHandler                              build/start.o
CAN1_RX0_IRQHandler                               build/start.o
CAN1_RX1_IRQHandler                               build/start.o
CAN1_TX_IRQHandler                                build/start.o
DMA0_Channel0_IRQHandler                          build/start.o
DMA0_Channel1_IRQHandler                          build/start.o
DMA0_Channel2_IRQHandler                          build/start.o
DMA0_Channel3_IRQHandler                          build/start.o
DMA0_Channel4_IRQHandler                          build/start.o
DMA0_Channel5_IRQHandler                          build/start.o
DMA0_Channel6_IRQHandler                          build/start.o
DMA1_Channel0_IRQHandler                          build/start.o
DMA1_Channel1_IRQHandler                          build/start.o
DMA1_Channel2_IRQHandler                          build/start.o
DMA1_Channel3_IRQHandler                          build/start.o
DMA1_Channel4_IRQHandler                          build/start.o
Draw_Circle                                       build/lcd.o
EXMC_IRQHandler                                   build/start.o
EXTI0_IRQHandler                                  build/start.o
EXTI10_15_IRQHandler                              build/start.o
EXTI1_IRQHandler                                  build/start.o
EXTI2_IRQHandler                                  build/start.o
EXTI3_IRQHandler                                  build/start.o
EXTI4_IRQHandler                                  build/start.o
EXTI5_9_IRQHandler                                build/main.o
                                                  build/start.o
FMC_IRQHandler                                    build/start.o
Hzk16                                             build/lcd.o
Hzk32                                             build/lcd.o
I2C0_ER_IRQHandler                                build/start.o
I2C0_EV_IRQHandler                                build/start.o
I2C1_ER_IRQHandler                                build/start.o
I2C1_EV_IRQHandler                                build/start.o
LCD_Address_QSet                                  build/lcd.o
LCD_Address_Set                                   build/lcd.o
LCD_Clear                                         build/lcd.o
LCD_DrawLine                                      build/lcd.o
LCD_DrawPoint                                     build/lcd.o
LCD_DrawPoint_big                                 build/lcd.o
LCD_DrawRectangle                                 build/lcd.o
LCD_Fill                                          build/lcd.o
LCD_ShowChar                                      build/lcd.o
LCD_ShowChinese                                   build/lcd.o
LCD_ShowNum                                       build/lcd.o
LCD_ShowNum1                                      build/lcd.o
LCD_ShowPicture                                   build/lcd.o
LCD_ShowStr                                       build/lcd.o
LCD_ShowString                                    build/lcd.o
LCD_WR_DATA                                       build/lcd.o
LCD_WR_DATA8                                      build/lcd.o
LCD_WR_Queue                                      build/lcd.o
LCD_WR_REG                                        build/lcd.o
LCD_Wait_On_Queue                                 build/lcd.o
LCD_Writ_Bus                                      build/lcd.o
LCD_Write_Bus                                     build/lcd.o
LVD_IRQHandler                                    build/start.o
Lcd_Init                                          build/lcd.o
Lcd_SetType                                       build/lcd.o
RCU_IRQHandler                                    build/start.o
RTC_Alarm_IRQHandler                              build/start.o
RTC_IRQHandler                                    build/start.o
SPI0_IRQHandler                                   build/start.o
SPI1_IRQHandler                                   build/start.o
SPI2_IRQHandler                                   build/start.o
SystemCoreClock                                   build/system_gd32vf103.o
                                                  build/lcd.o
                                                  build/n200_func.o
SystemCoreClockUpdate                             build/system_gd32vf103.o
SystemInit                                        build/system_gd32vf103.o
                                                  build/init.o
TAMPER_IRQHandler                                 build/start.o
TIMER0_BRK_IRQHandler                             build/start.o
TIMER0_Channel_IRQHandler                         build/start.o
TIMER0_TRG_CMT_IRQHandler                         build/start.o
TIMER0_UP_IRQHandler                              build/start.o
TIMER1_IRQHandler                                 build/start.o
TIMER2_IRQHandler                                 build/start.o
TIMER3_IRQHandler                                 build/start.o
TIMER4_IRQHandler                                 build/start.o
TIMER5_IRQHandler                                 build/start.o
TIMER6_IRQHandler                                 build/main.o
                                                  build/start.o
UART3_IRQHandler                                  build/start.o
UART4_IRQHandler                                  build/start.o
USART0_IRQHandler                                 build/eclicw.o
                                                  build/start.o
USART1_IRQHandler                                 build/start.o
USART2_IRQHandler                                 build/start.o
USBFS_IRQHandler                                  build/start.o
USBFS_WKUP_IRQHandler                             build/start.o
WWDGT_IRQHandler                                  build/start.o
__ashldi3                                         c:/mingw/toolchain-gd32v-win/compiler/bin/../lib/gcc/riscv64-unknown-elf/8.3.0/rv32imac/ilp32\libgcc.a(_ashldi3.o)
                                                  c:/mingw/toolchain-gd32v-win/compiler/bin/../lib/gcc/riscv64-unknown-elf/8.3.0/rv32imac/ilp32\libgcc.a(floatundidf.o)
__bss_start                                       build/start.o
__call_exitprocs                                  c:/mingw/toolchain-gd32v-win/compiler/bin/../lib/gcc/riscv64-unknown-elf/8.3.0/../../../../riscv64-unknown-elf/lib/rv32imac/ilp32\libc.a(lib_a-__call_atexit.o)
                                                  c:/mingw/toolchain-gd32v-win/compiler/bin/../lib/gcc/riscv64-unknown-elf/8.3.0/../../../../riscv64-unknown-elf/lib/rv32imac/ilp32\libc.a(lib_a-exit.o)
__clz_tab                                         c:/mingw/toolchain-gd32v-win/compiler/bin/../lib/gcc/riscv64-unknown-elf/8.3.0/rv32imac/ilp32\libgcc.a(_clz.o)
                                                  c:/mingw/toolchain-gd32v-win/compiler/bin/../lib/gcc/riscv64-unknown-elf/8.3.0/rv32imac/ilp32\libgcc.a(_clzsi2.o)
__clzsi2                                          c:/mingw/toolchain-gd32v-win/compiler/bin/../lib/gcc/riscv64-unknown-elf/8.3.0/rv32imac/ilp32\libgcc.a(_clzsi2.o)
                                                  c:/mingw/toolchain-gd32v-win/compiler/bin/../lib/gcc/riscv64-unknown-elf/8.3.0/rv32imac/ilp32\libgcc.a(mulsf3.o)
                                                  c:/mingw/toolchain-gd32v-win/compiler/bin/../lib/gcc/riscv64-unknown-elf/8.3.0/rv32imac/ilp32\libgcc.a(floatundidf.o)
                                                  c:/mingw/toolchain-gd32v-win/compiler/bin/../lib/gcc/riscv64-unknown-elf/8.3.0/rv32imac/ilp32\libgcc.a(floatunsidf.o)
                                                  c:/mingw/toolchain-gd32v-win/compiler/bin/../lib/gcc/riscv64-unknown-elf/8.3.0/rv32imac/ilp32\libgcc.a(muldf3.o)
                                                  c:/mingw/toolchain-gd32v-win/compiler/bin/../lib/gcc/riscv64-unknown-elf/8.3.0/rv32imac/ilp32\libgcc.a(divdf3.o)
__divdf3                                          c:/mingw/toolchain-gd32v-win/compiler/bin/../lib/gcc/riscv64-unknown-elf/8.3.0/rv32imac/ilp32\libgcc.a(divdf3.o)
                                                  build/lcd.o
__fini_array_end                                  c:/mingw/toolchain-gd32v-win/compiler/bin/../lib/gcc/riscv64-unknown-elf/8.3.0/../../../../riscv64-unknown-elf/lib/rv32imac/ilp32\libc.a(lib_a-fini.o)
__fini_array_start                                c:/mingw/toolchain-gd32v-win/compiler/bin/../lib/gcc/riscv64-unknown-elf/8.3.0/../../../../riscv64-unknown-elf/lib/rv32imac/ilp32\libc.a(lib_a-fini.o)
__fixunssfsi                                      c:/mingw/toolchain-gd32v-win/compiler/bin/../lib/gcc/riscv64-unknown-elf/8.3.0/rv32imac/ilp32\libgcc.a(fixunssfsi.o)
                                                  build/lcd.o
__floatundidf                                     c:/mingw/toolchain-gd32v-win/compiler/bin/../lib/gcc/riscv64-unknown-elf/8.3.0/rv32imac/ilp32\libgcc.a(floatundidf.o)
                                                  build/lcd.o
__floatunsidf                                     c:/mingw/toolchain-gd32v-win/compiler/bin/../lib/gcc/riscv64-unknown-elf/8.3.0/rv32imac/ilp32\libgcc.a(floatunsidf.o)
                                                  build/lcd.o
__global_pointer$                                 build/start.o
__init_array_end                                  c:/mingw/toolchain-gd32v-win/compiler/bin/../lib/gcc/riscv64-unknown-elf/8.3.0/../../../../riscv64-unknown-elf/lib/rv32imac/ilp32\libc.a(lib_a-init.o)
__init_array_start                                c:/mingw/toolchain-gd32v-win/compiler/bin/../lib/gcc/riscv64-unknown-elf/8.3.0/../../../../riscv64-unknown-elf/lib/rv32imac/ilp32\libc.a(lib_a-init.o)
__ledf2                                           c:/mingw/toolchain-gd32v-win/compiler/bin/../lib/gcc/riscv64-unknown-elf/8.3.0/rv32imac/ilp32\libgcc.a(ledf2.o)
__libc_fini                                       c:/mingw/toolchain-gd32v-win/compiler/bin/../lib/gcc/riscv64-unknown-elf/8.3.0/../../../../riscv64-unknown-elf/lib/rv32imac/ilp32\libc.a(lib_a-__call_atexit.o)
__libc_fini_array                                 c:/mingw/toolchain-gd32v-win/compiler/bin/../lib/gcc/riscv64-unknown-elf/8.3.0/../../../../riscv64-unknown-elf/lib/rv32imac/ilp32\libc.a(lib_a-fini.o)
                                                  c:/mingw/toolchain-gd32v-win/compiler/bin/../lib/gcc/riscv64-unknown-elf/8.3.0/../../../../riscv64-unknown-elf/lib/rv32imac/ilp32\libc.a(lib_a-__call_atexit.o)
                                                  build/start.o
__libc_init_array                                 c:/mingw/toolchain-gd32v-win/compiler/bin/../lib/gcc/riscv64-unknown-elf/8.3.0/../../../../riscv64-unknown-elf/lib/rv32imac/ilp32\libc.a(lib_a-init.o)
                                                  build/start.o
__lshrdi3                                         c:/mingw/toolchain-gd32v-win/compiler/bin/../lib/gcc/riscv64-unknown-elf/8.3.0/rv32imac/ilp32\libgcc.a(_lshrdi3.o)
                                                  c:/mingw/toolchain-gd32v-win/compiler/bin/../lib/gcc/riscv64-unknown-elf/8.3.0/rv32imac/ilp32\libgcc.a(floatundidf.o)
__ltdf2                                           c:/mingw/toolchain-gd32v-win/compiler/bin/../lib/gcc/riscv64-unknown-elf/8.3.0/rv32imac/ilp32\libgcc.a(ledf2.o)
                                                  build/lcd.o
__malloc_av_                                      c:/mingw/toolchain-gd32v-win/compiler/bin/../lib/gcc/riscv64-unknown-elf/8.3.0/../../../../riscv64-unknown-elf/lib/rv32imac/ilp32\libc.a(lib_a-mallocr.o)
                                                  c:/mingw/toolchain-gd32v-win/compiler/bin/../lib/gcc/riscv64-unknown-elf/8.3.0/../../../../riscv64-unknown-elf/lib/rv32imac/ilp32\libc.a(lib_a-freer.o)
__malloc_current_mallinfo                         c:/mingw/toolchain-gd32v-win/compiler/bin/../lib/gcc/riscv64-unknown-elf/8.3.0/../../../../riscv64-unknown-elf/lib/rv32imac/ilp32\libc.a(lib_a-mallocr.o)
                                                  c:/mingw/toolchain-gd32v-win/compiler/bin/../lib/gcc/riscv64-unknown-elf/8.3.0/../../../../riscv64-unknown-elf/lib/rv32imac/ilp32\libc.a(lib_a-freer.o)
__malloc_lock                                     c:/mingw/toolchain-gd32v-win/compiler/bin/../lib/gcc/riscv64-unknown-elf/8.3.0/../../../../riscv64-unknown-elf/lib/rv32imac/ilp32\libc.a(lib_a-mlock.o)
                                                  c:/mingw/toolchain-gd32v-win/compiler/bin/../lib/gcc/riscv64-unknown-elf/8.3.0/../../../../riscv64-unknown-elf/lib/rv32imac/ilp32\libc.a(lib_a-mallocr.o)
                                                  c:/mingw/toolchain-gd32v-win/compiler/bin/../lib/gcc/riscv64-unknown-elf/8.3.0/../../../../riscv64-unknown-elf/lib/rv32imac/ilp32\libc.a(lib_a-freer.o)
__malloc_max_sbrked_mem                           c:/mingw/toolchain-gd32v-win/compiler/bin/../lib/gcc/riscv64-unknown-elf/8.3.0/../../../../riscv64-unknown-elf/lib/rv32imac/ilp32\libc.a(lib_a-mallocr.o)
__malloc_max_total_mem                            c:/mingw/toolchain-gd32v-win/compiler/bin/../lib/gcc/riscv64-unknown-elf/8.3.0/../../../../riscv64-unknown-elf/lib/rv32imac/ilp32\libc.a(lib_a-mallocr.o)
__malloc_sbrk_base                                c:/mingw/toolchain-gd32v-win/compiler/bin/../lib/gcc/riscv64-unknown-elf/8.3.0/../../../../riscv64-unknown-elf/lib/rv32imac/ilp32\libc.a(lib_a-mallocr.o)
                                                  c:/mingw/toolchain-gd32v-win/compiler/bin/../lib/gcc/riscv64-unknown-elf/8.3.0/../../../../riscv64-unknown-elf/lib/rv32imac/ilp32\libc.a(lib_a-freer.o)
__malloc_top_pad                                  c:/mingw/toolchain-gd32v-win/compiler/bin/../lib/gcc/riscv64-unknown-elf/8.3.0/../../../../riscv64-unknown-elf/lib/rv32imac/ilp32\libc.a(lib_a-mallocr.o)
                                                  c:/mingw/toolchain-gd32v-win/compiler/bin/../lib/gcc/riscv64-unknown-elf/8.3.0/../../../../riscv64-unknown-elf/lib/rv32imac/ilp32\libc.a(lib_a-freer.o)
__malloc_trim_threshold                           c:/mingw/toolchain-gd32v-win/compiler/bin/../lib/gcc/riscv64-unknown-elf/8.3.0/../../../../riscv64-unknown-elf/lib/rv32imac/ilp32\libc.a(lib_a-mallocr.o)
                                                  c:/mingw/toolchain-gd32v-win/compiler/bin/../lib/gcc/riscv64-unknown-elf/8.3.0/../../../../riscv64-unknown-elf/lib/rv32imac/ilp32\libc.a(lib_a-freer.o)
__malloc_unlock                                   c:/mingw/toolchain-gd32v-win/compiler/bin/../lib/gcc/riscv64-unknown-elf/8.3.0/../../../../riscv64-unknown-elf/lib/rv32imac/ilp32\libc.a(lib_a-mlock.o)
                                                  c:/mingw/toolchain-gd32v-win/compiler/bin/../lib/gcc/riscv64-unknown-elf/8.3.0/../../../../riscv64-unknown-elf/lib/rv32imac/ilp32\libc.a(lib_a-mallocr.o)
                                                  c:/mingw/toolchain-gd32v-win/compiler/bin/../lib/gcc/riscv64-unknown-elf/8.3.0/../../../../riscv64-unknown-elf/lib/rv32imac/ilp32\libc.a(lib_a-freer.o)
__muldf3                                          c:/mingw/toolchain-gd32v-win/compiler/bin/../lib/gcc/riscv64-unknown-elf/8.3.0/rv32imac/ilp32\libgcc.a(muldf3.o)
                                                  build/lcd.o
__mulsf3                                          c:/mingw/toolchain-gd32v-win/compiler/bin/../lib/gcc/riscv64-unknown-elf/8.3.0/rv32imac/ilp32\libgcc.a(mulsf3.o)
                                                  build/lcd.o
__preinit_array_end                               c:/mingw/toolchain-gd32v-win/compiler/bin/../lib/gcc/riscv64-unknown-elf/8.3.0/../../../../riscv64-unknown-elf/lib/rv32imac/ilp32\libc.a(lib_a-init.o)
__preinit_array_start                             c:/mingw/toolchain-gd32v-win/compiler/bin/../lib/gcc/riscv64-unknown-elf/8.3.0/../../../../riscv64-unknown-elf/lib/rv32imac/ilp32\libc.a(lib_a-init.o)
__register_exitproc                               c:/mingw/toolchain-gd32v-win/compiler/bin/../lib/gcc/riscv64-unknown-elf/8.3.0/../../../../riscv64-unknown-elf/lib/rv32imac/ilp32\libc.a(lib_a-__atexit.o)
                                                  c:/mingw/toolchain-gd32v-win/compiler/bin/../lib/gcc/riscv64-unknown-elf/8.3.0/../../../../riscv64-unknown-elf/lib/rv32imac/ilp32\libc.a(lib_a-atexit.o)
_close                                            build/close.o
_data                                             build/start.o
_data_lma                                         build/start.o
_edata                                            build/start.o
_end                                              build/start.o
                                                  build/sbrk.o
_exit                                             build/_exit.o
                                                  c:/mingw/toolchain-gd32v-win/compiler/bin/../lib/gcc/riscv64-unknown-elf/8.3.0/../../../../riscv64-unknown-elf/lib/rv32imac/ilp32\libc.a(lib_a-exit.o)
                                                  build/handlers.o
_fini                                             build/init.o
_free_r                                           c:/mingw/toolchain-gd32v-win/compiler/bin/../lib/gcc/riscv64-unknown-elf/8.3.0/../../../../riscv64-unknown-elf/lib/rv32imac/ilp32\libc.a(lib_a-freer.o)
                                                  c:/mingw/toolchain-gd32v-win/compiler/bin/../lib/gcc/riscv64-unknown-elf/8.3.0/../../../../riscv64-unknown-elf/lib/rv32imac/ilp32\libc.a(lib_a-mallocr.o)
                                                  c:/mingw/toolchain-gd32v-win/compiler/bin/../lib/gcc/riscv64-unknown-elf/8.3.0/../../../../riscv64-unknown-elf/lib/rv32imac/ilp32\libc.a(lib_a-reent.o)
_fstat                                            build/fstat.o
_global_impure_ptr                                c:/mingw/toolchain-gd32v-win/compiler/bin/../lib/gcc/riscv64-unknown-elf/8.3.0/../../../../riscv64-unknown-elf/lib/rv32imac/ilp32\libc.a(lib_a-impure.o)
                                                  c:/mingw/toolchain-gd32v-win/compiler/bin/../lib/gcc/riscv64-unknown-elf/8.3.0/../../../../riscv64-unknown-elf/lib/rv32imac/ilp32\libc.a(lib_a-__call_atexit.o)
                                                  c:/mingw/toolchain-gd32v-win/compiler/bin/../lib/gcc/riscv64-unknown-elf/8.3.0/../../../../riscv64-unknown-elf/lib/rv32imac/ilp32\libc.a(lib_a-__atexit.o)
                                                  c:/mingw/toolchain-gd32v-win/compiler/bin/../lib/gcc/riscv64-unknown-elf/8.3.0/../../../../riscv64-unknown-elf/lib/rv32imac/ilp32\libc.a(lib_a-exit.o)
_heap_end                                         build/sbrk.o
_impure_ptr                                       c:/mingw/toolchain-gd32v-win/compiler/bin/../lib/gcc/riscv64-unknown-elf/8.3.0/../../../../riscv64-unknown-elf/lib/rv32imac/ilp32\libc.a(lib_a-impure.o)
                                                  c:/mingw/toolchain-gd32v-win/compiler/bin/../lib/gcc/riscv64-unknown-elf/8.3.0/../../../../riscv64-unknown-elf/lib/rv32imac/ilp32\libc.a(lib_a-reent.o)
                                                  c:/mingw/toolchain-gd32v-win/compiler/bin/../lib/gcc/riscv64-unknown-elf/8.3.0/../../../../riscv64-unknown-elf/lib/rv32imac/ilp32\libc.a(lib_a-syswrite.o)
_init                                             build/init.o
                                                  build/start.o
_isatty                                           build/isatty.o
                                                  c:/mingw/toolchain-gd32v-win/compiler/bin/../lib/gcc/riscv64-unknown-elf/8.3.0/../../../../riscv64-unknown-elf/lib/rv32imac/ilp32\libc.a(lib_a-sysisatty.o)
_lseek                                            build/lseek.o
_malloc_r                                         c:/mingw/toolchain-gd32v-win/compiler/bin/../lib/gcc/riscv64-unknown-elf/8.3.0/../../../../riscv64-unknown-elf/lib/rv32imac/ilp32\libc.a(lib_a-mallocr.o)
_malloc_trim_r                                    c:/mingw/toolchain-gd32v-win/compiler/bin/../lib/gcc/riscv64-unknown-elf/8.3.0/../../../../riscv64-unknown-elf/lib/rv32imac/ilp32\libc.a(lib_a-freer.o)
_put_char                                         build/write.o
_read                                             build/read.o
_reclaim_reent                                    c:/mingw/toolchain-gd32v-win/compiler/bin/../lib/gcc/riscv64-unknown-elf/8.3.0/../../../../riscv64-unknown-elf/lib/rv32imac/ilp32\libc.a(lib_a-reent.o)
_sbrk                                             build/sbrk.o
                                                  c:/mingw/toolchain-gd32v-win/compiler/bin/../lib/gcc/riscv64-unknown-elf/8.3.0/../../../../riscv64-unknown-elf/lib/rv32imac/ilp32\libc.a(lib_a-sbrkr.o)
_sbrk_r                                           c:/mingw/toolchain-gd32v-win/compiler/bin/../lib/gcc/riscv64-unknown-elf/8.3.0/../../../../riscv64-unknown-elf/lib/rv32imac/ilp32\libc.a(lib_a-sbrkr.o)
                                                  c:/mingw/toolchain-gd32v-win/compiler/bin/../lib/gcc/riscv64-unknown-elf/8.3.0/../../../../riscv64-unknown-elf/lib/rv32imac/ilp32\libc.a(lib_a-mallocr.o)
                                                  c:/mingw/toolchain-gd32v-win/compiler/bin/../lib/gcc/riscv64-unknown-elf/8.3.0/../../../../riscv64-unknown-elf/lib/rv32imac/ilp32\libc.a(lib_a-freer.o)
_sp                                               build/start.o
_start                                            build/start.o
_write                                            build/write.o
                                                  c:/mingw/toolchain-gd32v-win/compiler/bin/../lib/gcc/riscv64-unknown-elf/8.3.0/../../../../riscv64-unknown-elf/lib/rv32imac/ilp32\libc.a(lib_a-writer.o)
_write_r                                          c:/mingw/toolchain-gd32v-win/compiler/bin/../lib/gcc/riscv64-unknown-elf/8.3.0/../../../../riscv64-unknown-elf/lib/rv32imac/ilp32\libc.a(lib_a-writer.o)
                                                  c:/mingw/toolchain-gd32v-win/compiler/bin/../lib/gcc/riscv64-unknown-elf/8.3.0/../../../../riscv64-unknown-elf/lib/rv32imac/ilp32\libc.a(lib_a-syswrite.o)
adc_calibration_enable                            build/gd32vf103_adc.o
                                                  build/adc.o
adc_channel_length_config                         build/gd32vf103_adc.o
                                                  build/adc.o
adc_data_alignment_config                         build/gd32vf103_adc.o
                                                  build/adc.o
adc_deinit                                        build/gd32vf103_adc.o
                                                  build/adc.o
adc_disable                                       build/gd32vf103_adc.o
adc_discontinuous_mode_config                     build/gd32vf103_adc.o
adc_dma_mode_disable                              build/gd32vf103_adc.o
adc_dma_mode_enable                               build/gd32vf103_adc.o
adc_enable                                        build/gd32vf103_adc.o
                                                  build/adc.o
adc_external_trigger_config                       build/gd32vf103_adc.o
                                                  build/adc.o
adc_external_trigger_source_config                build/gd32vf103_adc.o
                                                  build/adc.o
adc_flag_clear                                    build/gd32vf103_adc.o
adc_flag_get                                      build/gd32vf103_adc.o
adc_inserted_channel_config                       build/gd32vf103_adc.o
                                                  build/adc.o
adc_inserted_channel_offset_config                build/gd32vf103_adc.o
adc_inserted_data_read                            build/gd32vf103_adc.o
adc_inserted_software_startconv_flag_get          build/gd32vf103_adc.o
adc_interrupt_disable                             build/gd32vf103_adc.o
adc_interrupt_enable                              build/gd32vf103_adc.o
adc_interrupt_flag_clear                          build/gd32vf103_adc.o
adc_interrupt_flag_get                            build/gd32vf103_adc.o
adc_mode_config                                   build/gd32vf103_adc.o
                                                  build/adc.o
adc_oversample_mode_config                        build/gd32vf103_adc.o
adc_oversample_mode_disable                       build/gd32vf103_adc.o
adc_oversample_mode_enable                        build/gd32vf103_adc.o
adc_regular_channel_config                        build/gd32vf103_adc.o
                                                  build/adc.o
adc_regular_data_read                             build/gd32vf103_adc.o
adc_regular_software_startconv_flag_get           build/gd32vf103_adc.o
adc_resolution_config                             build/gd32vf103_adc.o
adc_software_trigger_enable                       build/gd32vf103_adc.o
                                                  build/adc.o
adc_special_function_config                       build/gd32vf103_adc.o
                                                  build/adc.o
adc_sync_mode_convert_value_read                  build/gd32vf103_adc.o
adc_tempsensor_vrefint_disable                    build/gd32vf103_adc.o
adc_tempsensor_vrefint_enable                     build/gd32vf103_adc.o
                                                  build/adc.o
adc_watchdog_disable                              build/gd32vf103_adc.o
adc_watchdog_group_channel_enable                 build/gd32vf103_adc.o
adc_watchdog_single_channel_enable                build/gd32vf103_adc.o
adc_watchdog_threshold_config                     build/gd32vf103_adc.o
asc2_1608                                         build/lcd.o
atexit                                            c:/mingw/toolchain-gd32v-win/compiler/bin/../lib/gcc/riscv64-unknown-elf/8.3.0/../../../../riscv64-unknown-elf/lib/rv32imac/ilp32\libc.a(lib_a-atexit.o)
                                                  c:/mingw/toolchain-gd32v-win/compiler/bin/../lib/gcc/riscv64-unknown-elf/8.3.0/../../../../riscv64-unknown-elf/lib/rv32imac/ilp32\libc.a(lib_a-__call_atexit.o)
                                                  build/start.o
bkp_data_read                                     build/gd32vf103_bkp.o
bkp_data_write                                    build/gd32vf103_bkp.o
bkp_deinit                                        build/gd32vf103_bkp.o
bkp_flag_clear                                    build/gd32vf103_bkp.o
bkp_flag_get                                      build/gd32vf103_bkp.o
bkp_interrupt_disable                             build/gd32vf103_bkp.o
bkp_interrupt_enable                              build/gd32vf103_bkp.o
bkp_interrupt_flag_clear                          build/gd32vf103_bkp.o
bkp_interrupt_flag_get                            build/gd32vf103_bkp.o
bkp_rtc_calibration_output_disable                build/gd32vf103_bkp.o
bkp_rtc_calibration_output_enable                 build/gd32vf103_bkp.o
bkp_rtc_calibration_value_set                     build/gd32vf103_bkp.o
bkp_rtc_output_select                             build/gd32vf103_bkp.o
bkp_rtc_signal_output_disable                     build/gd32vf103_bkp.o
bkp_rtc_signal_output_enable                      build/gd32vf103_bkp.o
bkp_tamper_active_level_set                       build/gd32vf103_bkp.o
bkp_tamper_detection_disable                      build/gd32vf103_bkp.o
bkp_tamper_detection_enable                       build/gd32vf103_bkp.o
can1_filter_start_bank                            build/gd32vf103_can.o
can_debug_freeze_disable                          build/gd32vf103_can.o
can_debug_freeze_enable                           build/gd32vf103_can.o
can_deinit                                        build/gd32vf103_can.o
can_error_get                                     build/gd32vf103_can.o
can_fifo_release                                  build/gd32vf103_can.o
can_filter_init                                   build/gd32vf103_can.o
can_flag_clear                                    build/gd32vf103_can.o
can_flag_get                                      build/gd32vf103_can.o
can_init                                          build/gd32vf103_can.o
can_interrupt_disable                             build/gd32vf103_can.o
can_interrupt_enable                              build/gd32vf103_can.o
can_interrupt_flag_clear                          build/gd32vf103_can.o
can_interrupt_flag_get                            build/gd32vf103_can.o
can_message_receive                               build/gd32vf103_can.o
can_message_transmit                              build/gd32vf103_can.o
can_receive_error_number_get                      build/gd32vf103_can.o
can_receive_message_length_get                    build/gd32vf103_can.o
can_struct_para_init                              build/gd32vf103_can.o
can_time_trigger_mode_disable                     build/gd32vf103_can.o
can_time_trigger_mode_enable                      build/gd32vf103_can.o
can_transmission_stop                             build/gd32vf103_can.o
can_transmit_error_number_get                     build/gd32vf103_can.o
can_transmit_states                               build/gd32vf103_can.o
can_wakeup                                        build/gd32vf103_can.o
can_working_mode_set                              build/gd32vf103_can.o
cleanup_glue                                      c:/mingw/toolchain-gd32v-win/compiler/bin/../lib/gcc/riscv64-unknown-elf/8.3.0/../../../../riscv64-unknown-elf/lib/rv32imac/ilp32\libc.a(lib_a-reent.o)
colinit                                           build/drivers.o
colset                                            build/drivers.o
crc_block_data_calculate                          build/gd32vf103_crc.o
crc_data_register_read                            build/gd32vf103_crc.o
crc_data_register_reset                           build/gd32vf103_crc.o
crc_deinit                                        build/gd32vf103_crc.o
crc_free_data_register_read                       build/gd32vf103_crc.o
crc_free_data_register_write                      build/gd32vf103_crc.o
crc_single_data_calculate                         build/gd32vf103_crc.o
dac_concurrent_data_set                           build/gd32vf103_dac.o
dac_concurrent_disable                            build/gd32vf103_dac.o
dac_concurrent_enable                             build/gd32vf103_dac.o
dac_concurrent_output_buffer_disable              build/gd32vf103_dac.o
dac_concurrent_output_buffer_enable               build/gd32vf103_dac.o
dac_concurrent_software_trigger_disable           build/gd32vf103_dac.o
dac_concurrent_software_trigger_enable            build/gd32vf103_dac.o
dac_data_set                                      build/gd32vf103_dac.o
dac_deinit                                        build/gd32vf103_dac.o
dac_disable                                       build/gd32vf103_dac.o
dac_dma_disable                                   build/gd32vf103_dac.o
dac_dma_enable                                    build/gd32vf103_dac.o
dac_enable                                        build/gd32vf103_dac.o
dac_lfsr_noise_config                             build/gd32vf103_dac.o
dac_output_buffer_disable                         build/gd32vf103_dac.o
dac_output_buffer_enable                          build/gd32vf103_dac.o
dac_output_value_get                              build/gd32vf103_dac.o
dac_software_trigger_disable                      build/gd32vf103_dac.o
dac_software_trigger_enable                       build/gd32vf103_dac.o
dac_triangle_noise_config                         build/gd32vf103_dac.o
dac_trigger_disable                               build/gd32vf103_dac.o
dac_trigger_enable                                build/gd32vf103_dac.o
dac_trigger_source_config                         build/gd32vf103_dac.o
dac_wave_bit_width_config                         build/gd32vf103_dac.o
dac_wave_mode_config                              build/gd32vf103_dac.o
dbg_id_get                                        build/gd32vf103_dbg.o
dbg_low_power_disable                             build/gd32vf103_dbg.o
dbg_low_power_enable                              build/gd32vf103_dbg.o
dbg_periph_disable                                build/gd32vf103_dbg.o
                                                  build/gd32vf103_can.o
dbg_periph_enable                                 build/gd32vf103_dbg.o
                                                  build/gd32vf103_can.o
disable_mcycle_minstret                           build/start.o
                                                  build/init.o
dma_channel_disable                               build/gd32vf103_dma.o
dma_channel_enable                                build/gd32vf103_dma.o
dma_circulation_disable                           build/gd32vf103_dma.o
dma_circulation_enable                            build/gd32vf103_dma.o
dma_deinit                                        build/gd32vf103_dma.o
dma_flag_clear                                    build/gd32vf103_dma.o
dma_flag_get                                      build/gd32vf103_dma.o
dma_init                                          build/gd32vf103_dma.o
dma_interrupt_disable                             build/gd32vf103_dma.o
dma_interrupt_enable                              build/gd32vf103_dma.o
dma_interrupt_flag_clear                          build/gd32vf103_dma.o
dma_interrupt_flag_get                            build/gd32vf103_dma.o
dma_memory_address_config                         build/gd32vf103_dma.o
dma_memory_increase_disable                       build/gd32vf103_dma.o
dma_memory_increase_enable                        build/gd32vf103_dma.o
dma_memory_to_memory_disable                      build/gd32vf103_dma.o
dma_memory_to_memory_enable                       build/gd32vf103_dma.o
dma_memory_width_config                           build/gd32vf103_dma.o
dma_periph_address_config                         build/gd32vf103_dma.o
dma_periph_increase_disable                       build/gd32vf103_dma.o
dma_periph_increase_enable                        build/gd32vf103_dma.o
dma_periph_width_config                           build/gd32vf103_dma.o
dma_priority_config                               build/gd32vf103_dma.o
dma_struct_para_init                              build/gd32vf103_dma.o
dma_transfer_direction_config                     build/gd32vf103_dma.o
dma_transfer_number_config                        build/gd32vf103_dma.o
dma_transfer_number_get                           build/gd32vf103_dma.o
ds18B20cmd                                        build/ds18b20.o
ds18B20fsm                                        build/ds18b20.o
ds18B20init                                       build/ds18b20.o
eclic_bwei_handler                                build/start.o
eclic_clear_pending                               build/n200_func.o
eclic_disable_interrupt                           build/n200_func.o
                                                  build/gd32vf103_eclic.o
eclic_enable_interrupt                            build/n200_func.o
                                                  build/eclicw.o
                                                  build/gd32vf103_eclic.o
eclic_get_cliccfg                                 build/n200_func.o
eclic_get_intattr                                 build/n200_func.o
eclic_get_intctrl                                 build/n200_func.o
eclic_get_irq_lvl                                 build/n200_func.o
eclic_get_irq_lvl_abs                             build/n200_func.o
eclic_get_irq_priority                            build/n200_func.o
eclic_get_mth                                     build/n200_func.o
eclic_get_nlbits                                  build/n200_func.o
eclic_global_interrupt_disable                    build/gd32vf103_eclic.o
eclic_global_interrupt_enable                     build/gd32vf103_eclic.o
                                                  build/main.o
eclic_init                                        build/n200_func.o
                                                  build/eclicw.o
                                                  build/init.o
eclic_irq_disable                                 build/gd32vf103_eclic.o
eclic_irq_enable                                  build/gd32vf103_eclic.o
                                                  build/main.o
eclic_mode_enable                                 build/n200_func.o
                                                  build/eclicw.o
                                                  build/init.o
eclic_msip_handler                                build/start.o
eclic_mtip_handler                                build/eclicw.o
                                                  build/start.o
eclic_pmovi_handler                               build/start.o
eclic_priority_group_set                          build/gd32vf103_eclic.o
                                                  build/main.o
eclic_send_event                                  build/gd32vf103_eclic.o
eclic_set_cliccfg                                 build/n200_func.o
eclic_set_intattr                                 build/n200_func.o
eclic_set_intctrl                                 build/n200_func.o
eclic_set_irq_lvl                                 build/n200_func.o
eclic_set_irq_lvl_abs                             build/n200_func.o
                                                  build/eclicw.o
                                                  build/gd32vf103_eclic.o
eclic_set_irq_priority                            build/n200_func.o
                                                  build/eclicw.o
                                                  build/gd32vf103_eclic.o
eclic_set_level_trig                              build/n200_func.o
eclic_set_mth                                     build/n200_func.o
eclic_set_negedge_trig                            build/n200_func.o
eclic_set_nlbits                                  build/n200_func.o
                                                  build/gd32vf103_eclic.o
eclic_set_nonvmode                                build/n200_func.o
eclic_set_pending                                 build/n200_func.o
eclic_set_posedge_trig                            build/n200_func.o
eclic_set_vmode                                   build/n200_func.o
                                                  build/eclicw.o
eclic_system_reset                                build/gd32vf103_eclic.o
eclicw_enable                                     build/eclicw.o
                                                  build/ds18b20.o
                                                  build/usart.o
enable_mcycle_minstret                            build/start.o
errno                                             c:/mingw/toolchain-gd32v-win/compiler/bin/../lib/gcc/riscv64-unknown-elf/8.3.0/../../../../riscv64-unknown-elf/lib/rv32imac/ilp32\libc.a(lib_a-reent.o)
                                                  c:/mingw/toolchain-gd32v-win/compiler/bin/../lib/gcc/riscv64-unknown-elf/8.3.0/../../../../riscv64-unknown-elf/lib/rv32imac/ilp32\libc.a(lib_a-sbrkr.o)
                                                  c:/mingw/toolchain-gd32v-win/compiler/bin/../lib/gcc/riscv64-unknown-elf/8.3.0/../../../../riscv64-unknown-elf/lib/rv32imac/ilp32\libc.a(lib_a-writer.o)
exit                                              c:/mingw/toolchain-gd32v-win/compiler/bin/../lib/gcc/riscv64-unknown-elf/8.3.0/../../../../riscv64-unknown-elf/lib/rv32imac/ilp32\libc.a(lib_a-exit.o)
                                                  build/start.o
exmc_norsram_deinit                               build/gd32vf103_exmc.o
exmc_norsram_disable                              build/gd32vf103_exmc.o
exmc_norsram_enable                               build/gd32vf103_exmc.o
exmc_norsram_init                                 build/gd32vf103_exmc.o
exmc_norsram_struct_para_init                     build/gd32vf103_exmc.o
exti_deinit                                       build/gd32vf103_exti.o
exti_event_disable                                build/gd32vf103_exti.o
exti_event_enable                                 build/gd32vf103_exti.o
exti_flag_clear                                   build/gd32vf103_exti.o
                                                  build/main.o
exti_flag_get                                     build/gd32vf103_exti.o
exti_init                                         build/gd32vf103_exti.o
                                                  build/main.o
exti_interrupt_disable                            build/gd32vf103_exti.o
exti_interrupt_enable                             build/gd32vf103_exti.o
exti_interrupt_flag_clear                         build/gd32vf103_exti.o
                                                  build/main.o
exti_interrupt_flag_get                           build/gd32vf103_exti.o
exti_software_interrupt_disable                   build/gd32vf103_exti.o
exti_software_interrupt_enable                    build/gd32vf103_exti.o
fmc_flag_clear                                    build/gd32vf103_fmc.o
fmc_flag_get                                      build/gd32vf103_fmc.o
fmc_halfword_program                              build/gd32vf103_fmc.o
fmc_interrupt_disable                             build/gd32vf103_fmc.o
fmc_interrupt_enable                              build/gd32vf103_fmc.o
fmc_interrupt_flag_clear                          build/gd32vf103_fmc.o
fmc_interrupt_flag_get                            build/gd32vf103_fmc.o
fmc_lock                                          build/gd32vf103_fmc.o
fmc_mass_erase                                    build/gd32vf103_fmc.o
fmc_page_erase                                    build/gd32vf103_fmc.o
fmc_ready_wait                                    build/gd32vf103_fmc.o
fmc_state_get                                     build/gd32vf103_fmc.o
fmc_unlock                                        build/gd32vf103_fmc.o
fmc_word_program                                  build/gd32vf103_fmc.o
fmc_wscnt_set                                     build/gd32vf103_fmc.o
fwdgt_config                                      build/gd32vf103_fwdgt.o
fwdgt_counter_reload                              build/gd32vf103_fwdgt.o
fwdgt_enable                                      build/gd32vf103_fwdgt.o
fwdgt_flag_get                                    build/gd32vf103_fwdgt.o
fwdgt_write_disable                               build/gd32vf103_fwdgt.o
fwdgt_write_enable                                build/gd32vf103_fwdgt.o
get_cpu_freq                                      build/n200_func.o
get_cycle_value                                   build/n200_func.o
get_instret_value                                 build/n200_func.o
get_timer_freq                                    build/n200_func.o
get_timer_value                                   build/n200_func.o
                                                  build/lcd.o
gpio_afio_deinit                                  build/gd32vf103_gpio.o
gpio_bit_reset                                    build/gd32vf103_gpio.o
                                                  build/lcd.o
gpio_bit_set                                      build/gd32vf103_gpio.o
                                                  build/lcd.o
gpio_bit_write                                    build/gd32vf103_gpio.o
                                                  build/ds18b20.o
                                                  build/main.o
gpio_deinit                                       build/gd32vf103_gpio.o
gpio_event_output_config                          build/gd32vf103_gpio.o
gpio_event_output_disable                         build/gd32vf103_gpio.o
gpio_event_output_enable                          build/gd32vf103_gpio.o
gpio_exti_source_select                           build/gd32vf103_gpio.o
                                                  build/main.o
gpio_init                                         build/gd32vf103_gpio.o
                                                  build/ds18b20.o
                                                  build/lcd.o
                                                  build/main.o
                                                  build/usart.o
                                                  build/adc.o
gpio_input_bit_get                                build/gd32vf103_gpio.o
                                                  build/ds18b20.o
gpio_input_port_get                               build/gd32vf103_gpio.o
gpio_output_bit_get                               build/gd32vf103_gpio.o
gpio_output_port_get                              build/gd32vf103_gpio.o
gpio_pin_lock                                     build/gd32vf103_gpio.o
gpio_pin_remap_config                             build/gd32vf103_gpio.o
gpio_port_write                                   build/gd32vf103_gpio.o
handle_nmi                                        build/handlers.o
handle_trap                                       build/handlers.o
                                                  build/entry.o
i2c_ack_config                                    build/gd32vf103_i2c.o
i2c_ackpos_config                                 build/gd32vf103_i2c.o
i2c_clock_config                                  build/gd32vf103_i2c.o
i2c_data_receive                                  build/gd32vf103_i2c.o
i2c_data_transmit                                 build/gd32vf103_i2c.o
i2c_deinit                                        build/gd32vf103_i2c.o
i2c_disable                                       build/gd32vf103_i2c.o
i2c_dma_enable                                    build/gd32vf103_i2c.o
i2c_dma_last_transfer_config                      build/gd32vf103_i2c.o
i2c_dualaddr_disable                              build/gd32vf103_i2c.o
i2c_dualaddr_enable                               build/gd32vf103_i2c.o
i2c_enable                                        build/gd32vf103_i2c.o
i2c_flag_clear                                    build/gd32vf103_i2c.o
i2c_flag_get                                      build/gd32vf103_i2c.o
i2c_interrupt_disable                             build/gd32vf103_i2c.o
i2c_interrupt_enable                              build/gd32vf103_i2c.o
i2c_interrupt_flag_clear                          build/gd32vf103_i2c.o
i2c_interrupt_flag_get                            build/gd32vf103_i2c.o
i2c_master_addressing                             build/gd32vf103_i2c.o
i2c_mode_addr_config                              build/gd32vf103_i2c.o
i2c_pec_enable                                    build/gd32vf103_i2c.o
i2c_pec_transfer_enable                           build/gd32vf103_i2c.o
i2c_pec_value_get                                 build/gd32vf103_i2c.o
i2c_slave_response_to_gcall_config                build/gd32vf103_i2c.o
i2c_smbus_arp_enable                              build/gd32vf103_i2c.o
i2c_smbus_issue_alert                             build/gd32vf103_i2c.o
i2c_smbus_type_config                             build/gd32vf103_i2c.o
i2c_software_reset_config                         build/gd32vf103_i2c.o
i2c_start_on_bus                                  build/gd32vf103_i2c.o
i2c_stop_on_bus                                   build/gd32vf103_i2c.o
i2c_stretch_scl_low_config                        build/gd32vf103_i2c.o
i2s_disable                                       build/gd32vf103_spi.o
i2s_enable                                        build/gd32vf103_spi.o
i2s_init                                          build/gd32vf103_spi.o
i2s_psc_config                                    build/gd32vf103_spi.o
initTimer6                                        build/main.o
init_eclic                                        build/main.o
init_led                                          build/main.o
init_sw                                           build/main.o
irq_entry                                         build/entry.o
                                                  build/start.o
isatty                                            c:/mingw/toolchain-gd32v-win/compiler/bin/../lib/gcc/riscv64-unknown-elf/8.3.0/../../../../riscv64-unknown-elf/lib/rv32imac/ilp32\libc.a(lib_a-sysisatty.o)
                                                  build/fstat.o
                                                  build/lseek.o
keyinit                                           build/drivers.o
keyscan                                           build/drivers.o
l88init                                           build/drivers.o
l88mem                                            build/drivers.o
l88row                                            build/drivers.o
lcd_conf                                          build/lcd.o
lcd_delay_1ms                                     build/lcd.o
main                                              build/main.o
                                                  build/start.o
measure_cpu_freq                                  build/n200_func.o
mtime_hi                                          build/n200_func.o
mtime_lo                                          build/n200_func.o
mypow                                             build/lcd.o
ob_data_get                                       build/gd32vf103_fmc.o
ob_data_program                                   build/gd32vf103_fmc.o
ob_erase                                          build/gd32vf103_fmc.o
ob_lock                                           build/gd32vf103_fmc.o
ob_security_protection_config                     build/gd32vf103_fmc.o
ob_spc_get                                        build/gd32vf103_fmc.o
ob_unlock                                         build/gd32vf103_fmc.o
ob_user_get                                       build/gd32vf103_fmc.o
ob_user_write                                     build/gd32vf103_fmc.o
ob_write_protection_enable                        build/gd32vf103_fmc.o
ob_write_protection_get                           build/gd32vf103_fmc.o
pCB                                               build/ds18b20.o
pmp_open_all_space                                build/n200_func.o
pmu_backup_write_disable                          build/gd32vf103_pmu.o
pmu_backup_write_enable                           build/gd32vf103_pmu.o
pmu_deinit                                        build/gd32vf103_pmu.o
pmu_flag_clear                                    build/gd32vf103_pmu.o
pmu_flag_get                                      build/gd32vf103_pmu.o
pmu_lvd_disable                                   build/gd32vf103_pmu.o
pmu_lvd_select                                    build/gd32vf103_pmu.o
pmu_to_deepsleepmode                              build/gd32vf103_pmu.o
pmu_to_sleepmode                                  build/gd32vf103_pmu.o
pmu_to_standbymode                                build/gd32vf103_pmu.o
pmu_wakeup_pin_disable                            build/gd32vf103_pmu.o
pmu_wakeup_pin_enable                             build/gd32vf103_pmu.o
putch                                             build/usart.o
puts                                              build/write.o
putstr                                            build/usart.o
queue                                             build/lcd.o
r                                                 build/lcd.o
rcu_adc_clock_config                              build/gd32vf103_rcu.o
                                                  build/adc.o
rcu_ahb_clock_config                              build/gd32vf103_rcu.o
rcu_all_reset_flag_clear                          build/gd32vf103_rcu.o
rcu_apb1_clock_config                             build/gd32vf103_rcu.o
rcu_apb2_clock_config                             build/gd32vf103_rcu.o
rcu_bkp_reset_disable                             build/gd32vf103_rcu.o
                                                  build/gd32vf103_bkp.o
rcu_bkp_reset_enable                              build/gd32vf103_rcu.o
                                                  build/gd32vf103_bkp.o
rcu_ckout0_config                                 build/gd32vf103_rcu.o
rcu_clock_freq_get                                build/gd32vf103_rcu.o
                                                  build/gd32vf103_i2c.o
                                                  build/gd32vf103_usart.o
                                                  build/gd32vf103_spi.o
rcu_deepsleep_voltage_set                         build/gd32vf103_rcu.o
rcu_deinit                                        build/gd32vf103_rcu.o
rcu_flag_get                                      build/gd32vf103_rcu.o
rcu_hxtal_clock_monitor_disable                   build/gd32vf103_rcu.o
rcu_hxtal_clock_monitor_enable                    build/gd32vf103_rcu.o
rcu_i2s1_clock_config                             build/gd32vf103_rcu.o
rcu_i2s2_clock_config                             build/gd32vf103_rcu.o
rcu_interrupt_disable                             build/gd32vf103_rcu.o
rcu_interrupt_enable                              build/gd32vf103_rcu.o
rcu_interrupt_flag_clear                          build/gd32vf103_rcu.o
rcu_interrupt_flag_get                            build/gd32vf103_rcu.o
rcu_irc8m_adjust_value_set                        build/gd32vf103_rcu.o
rcu_osci_bypass_mode_disable                      build/gd32vf103_rcu.o
rcu_osci_bypass_mode_enable                       build/gd32vf103_rcu.o
rcu_osci_off                                      build/gd32vf103_rcu.o
rcu_osci_on                                       build/gd32vf103_rcu.o
rcu_osci_stab_wait                                build/gd32vf103_rcu.o
rcu_periph_clock_disable                          build/gd32vf103_rcu.o
rcu_periph_clock_enable                           build/gd32vf103_rcu.o
                                                  build/lcd.o
                                                  build/main.o
                                                  build/timer6.o
                                                  build/usart.o
                                                  build/adc.o
rcu_periph_clock_sleep_disable                    build/gd32vf103_rcu.o
rcu_periph_clock_sleep_enable                     build/gd32vf103_rcu.o
rcu_periph_reset_disable                          build/gd32vf103_rcu.o
                                                  build/gd32vf103_dac.o
                                                  build/gd32vf103_can.o
                                                  build/gd32vf103_i2c.o
                                                  build/gd32vf103_timer.o
                                                  build/gd32vf103_gpio.o
                                                  build/gd32vf103_usart.o
                                                  build/gd32vf103_pmu.o
                                                  build/gd32vf103_adc.o
                                                  build/gd32vf103_wwdgt.o
                                                  build/gd32vf103_spi.o
rcu_periph_reset_enable                           build/gd32vf103_rcu.o
                                                  build/gd32vf103_dac.o
                                                  build/gd32vf103_can.o
                                                  build/gd32vf103_i2c.o
                                                  build/gd32vf103_timer.o
                                                  build/gd32vf103_gpio.o
                                                  build/gd32vf103_usart.o
                                                  build/gd32vf103_pmu.o
                                                  build/gd32vf103_adc.o
                                                  build/gd32vf103_wwdgt.o
                                                  build/gd32vf103_spi.o
rcu_pll1_config                                   build/gd32vf103_rcu.o
rcu_pll2_config                                   build/gd32vf103_rcu.o
rcu_pll_config                                    build/gd32vf103_rcu.o
rcu_predv0_config                                 build/gd32vf103_rcu.o
rcu_predv1_config                                 build/gd32vf103_rcu.o
rcu_rtc_clock_config                              build/gd32vf103_rcu.o
rcu_system_clock_source_config                    build/gd32vf103_rcu.o
rcu_system_clock_source_get                       build/gd32vf103_rcu.o
rcu_usb_clock_config                              build/gd32vf103_rcu.o
rtc_alarm_config                                  build/gd32vf103_rtc.o
rtc_configuration_mode_enter                      build/gd32vf103_rtc.o
rtc_configuration_mode_exit                       build/gd32vf103_rtc.o
rtc_counter_get                                   build/gd32vf103_rtc.o
rtc_counter_set                                   build/gd32vf103_rtc.o
rtc_divider_get                                   build/gd32vf103_rtc.o
rtc_flag_clear                                    build/gd32vf103_rtc.o
rtc_flag_get                                      build/gd32vf103_rtc.o
rtc_interrupt_disable                             build/gd32vf103_rtc.o
rtc_interrupt_enable                              build/gd32vf103_rtc.o
rtc_interrupt_flag_clear                          build/gd32vf103_rtc.o
rtc_interrupt_flag_get                            build/gd32vf103_rtc.o
rtc_lwoff_wait                                    build/gd32vf103_rtc.o
rtc_prescaler_set                                 build/gd32vf103_rtc.o
rtc_register_sync_wait                            build/gd32vf103_rtc.o
spi_bidirectional_transfer_config                 build/gd32vf103_spi.o
spi_config                                        build/lcd.o
spi_crc_error_clear                               build/gd32vf103_spi.o
spi_crc_get                                       build/gd32vf103_spi.o
spi_crc_next                                      build/gd32vf103_spi.o
spi_crc_off                                       build/gd32vf103_spi.o
spi_crc_on                                        build/gd32vf103_spi.o
spi_crc_polynomial_get                            build/gd32vf103_spi.o
spi_crc_polynomial_set                            build/gd32vf103_spi.o
                                                  build/lcd.o
spi_disable                                       build/gd32vf103_spi.o
spi_dma_disable                                   build/gd32vf103_spi.o
spi_dma_enable                                    build/gd32vf103_spi.o
spi_enable                                        build/gd32vf103_spi.o
                                                  build/lcd.o
spi_i2s_data_frame_format_config                  build/gd32vf103_spi.o
spi_i2s_data_receive                              build/gd32vf103_spi.o
                                                  build/lcd.o
spi_i2s_data_transmit                             build/gd32vf103_spi.o
                                                  build/lcd.o